[123, 2021-02-20] => Interview{candidate=Candidate{skills=[.Net, Java, PHP, JS]}, recruiter=Recruiter{skills=[Java, .Net, PHP, JS]}, interviewDate=2021-02-20} 
[null, 2021-02-20] => Interview{candidate=Candidate{skills=[.Net, Java, PHP, JS]}, recruiter=Recruiter{skills=[Java, .Net, PHP, JS]}, interviewDate=2021-02-20} 
